
> prueba-tecnica-frontend@0.0.0 test
> jest

node.exe : ts-jest[config] (WARN) [94mmessage[0m[90m TS151001: [0mIf you have issues related to imports, you should 
consider setting `esModuleInterop` to `true` in your TypeScript configuration file (usually `tsconfig.json`). See https:/
/blogs.msdn.microsoft.com/typescript/2018/01/31/announcing-typescript-2-7/#easier-ecmascript-module-interoperability for 
more information.
En C:\Program Files\nodejs\npm.ps1: 16 Carácter: 5
+     & "$basedir/node$exe"  "$basedir/node_modules/npm/bin/npm-cli.js" ...
+     ~~~~~~~~~~~~~~~~~~~~~~~~~~~~~~~~~~~~~~~~~~~~~~~~~~~~~~~~~~~~~~~~~
    + CategoryInfo          : NotSpecified: (ts-jest[config]...re information.:String) [], RemoteException
    + FullyQualifiedErrorId : NativeCommandError
 
(node:5420) [DEP0040] DeprecationWarning: The `punycode` module is deprecated. Please use a userland alternative instead.
(Use `node --trace-deprecation ...` to show where the warning was created)
FAIL src/app/app.component.spec.ts
  ÔùÅ Test suite failed to run

    Cannot find module 'jest-preset-angular/setup-jest' from 'src/setup-jest.ts'

    [0m[31m[1m>[22m[39m[90m 1 |[39m [36mimport[39m [32m'jest-preset-angular/setup-jest'[39m[33m;[39m
     [90m   |[39m [31m[1m^[22m[39m
     [90m 2 |[39m[0m

      at Resolver._throwModNotFoundError (node_modules/jest-resolve/build/resolver.js:427:11)
      at Object.<anonymous> (src/setup-jest.ts:1:1)

ts-jest[config] (WARN) [94mmessage[0m[90m TS151001: [0mIf you have issues related to imports, you should consider 
setting `esModuleInterop` to `true` in your TypeScript configuration file (usually `tsconfig.json`). See https://blogs.ms
dn.microsoft.com/typescript/2018/01/31/announcing-typescript-2-7/#easier-ecmascript-module-interoperability for more 
information.
(node:15604) [DEP0040] DeprecationWarning: The `punycode` module is deprecated. Please use a userland alternative 
instead.
(Use `node --trace-deprecation ...` to show where the warning was created)
FAIL src/app/auth/application/auth.service.spec.ts
  ÔùÅ Test suite failed to run

    Cannot find module 'jest-preset-angular/setup-jest' from 'src/setup-jest.ts'

    [0m[31m[1m>[22m[39m[90m 1 |[39m [36mimport[39m [32m'jest-preset-angular/setup-jest'[39m[33m;[39m
     [90m   |[39m [31m[1m^[22m[39m
     [90m 2 |[39m[0m

      at Resolver._throwModNotFoundError (node_modules/jest-resolve/build/resolver.js:427:11)
      at Object.<anonymous> (src/setup-jest.ts:1:1)

Test Suites: 2 failed, 2 total
Tests:       0 total
Snapshots:   0 total
Time:        18.073 s
Ran all test suites.
